Module {modName = "RecordsDemo", modExports = [ExposeType "Point" ExposeOpaque,ExposeValue "origin",ExposeValue "moveRight"], modImports = [Import {impName = "Lune.Int", impAs = Just "Int", impExposing = Nothing}], modDecls = [DeclTypeAlias [] "Point" [] (TypeRecord [("x",TypeCon "Int",[]),("y",TypeCon "Int",[])]),DeclTypeSig "origin" (QualType {qualConstraints = [], qualType = TypeCon "Point"}),DeclValue "origin" [] (RecordLiteral [("x",IntLit 0),("y",IntLit 0)]),DeclTypeSig "moveRight" (QualType {qualConstraints = [], qualType = TypeArrow (TypeCon "Int") (TypeArrow (TypeCon "Point") (TypeCon "Point"))}),DeclValue "moveRight" [PVar "dx",PVar "p"] (RecordUpdate (Var "p") [("x",App (App (FieldAccess (Var "Int") "add") (FieldAccess (Var "p") "x")) (Var "dx"))])]}
