Module {modName = "FFI_Puts", modExports = [ExposeValue "main"], modImports = [Import {impName = "Lune.IO", impAs = Just "IO", impExposing = Nothing},Import {impName = "Lune.Task", impAs = Just "Task", impExposing = Nothing}], modDecls = [DeclForeignImport CCall "puts" "puts" (QualType {qualConstraints = [], qualType = TypeArrow (TypeCon "String") (TypeApp (TypeCon "IO") (TypeCon "Int"))}),DeclTypeSig "main" (QualType {qualConstraints = [], qualType = TypeApp (TypeApp (TypeCon "Task") (TypeCon "Unit")) (TypeCon "Unit")}),DeclValue "main" [] (DoBlock [DiscardBindStmt (App (FieldAccess (Var "Task") "fromIO") (App (Var "puts") (StringLit "Hello from C!"))),ExprStmt (App (FieldAccess (Var "IO") "println") (StringLit "Hello from Lune!"))])]}
