Module {modName = "QueryRouteMatch", modExports = [ExposeValue "main"], modImports = [Import {impName = "Lune.IO", impAs = Just "IO", impExposing = Nothing},Import {impName = "Lune.Prelude", impAs = Nothing, impExposing = Just [ExposeType "IO" ExposeOpaque,ExposeType "Unit" ExposeOpaque,ExposeType "Maybe" ExposeAll]}], modDecls = [DeclTypeSig "main" (QualType {qualConstraints = [], qualType = TypeApp (TypeCon "IO") (TypeCon "Unit")}),DeclValue "main" [] (DoBlock [LetStmt "result" (App (App (Var "prim_matchPath") (StringLit "/users")) (StringLit "/users?page=1")),ExprStmt (Case (Var "result") [Alt (PCon "Nothing" []) (App (FieldAccess (Var "IO") "println") (StringLit "NO MATCH")),Alt (PCon "Just" [PVar "params"]) (App (FieldAccess (Var "IO") "println") (StringLit "MATCHED"))])])]}
